<?xml version="1.0"?>
<soap:Envelope xmlns:soap="http://www.w3.org/2003/05/soap-envelope" xmlns:wcf="http://wcf.dian.colombia">
  <soap:Header xmlns:wsa="http://www.w3.org/2005/08/addressing">
    <wsse:Security xmlns:wsse="http://docs.oasis-open.org/wss/2004/01/oasis-200401-wss-wssecurity-secext-1.0.xsd" xmlns:wsu="http://docs.oasis-open.org/wss/2004/01/oasis-200401-wss-wssecurity-utility-1.0.xsd">
      <wsu:Timestamp wsu:Id="TS-A6E048B0EA1EEA256E155845316231412">
        <wsu:Created>2019-05-21T15:39:22.314Z</wsu:Created>
        <wsu:Expires>2019-05-22T08:19:22.314Z</wsu:Expires>
      </wsu:Timestamp>
      <wsse:BinarySecurityToken EncodingType="http://docs.oasis-open.org/wss/2004/01/oasis-200401-wss-soap-message-security-1.0#Base64Binary" ValueType="http://docs.oasis-open.org/wss/2004/01/oasis-200401-wss-x509-token-profile-1.0#X509v3" wsu:Id="X509-A6E048B0EA1EEA256E15584531623037">MIIIoTCCBomgAwIBAgIIW6qCaBJlC8wwDQYJKoZIhvcNAQELBQAwgbQxIzAhBgkqhkiG9w0BCQEWFGluZm9AYW5kZXNzY2QuY29tLmNvMSMwIQYDVQQDExpDQSBBTkRFUyBTQ0QgUy5BLiBDbGFzZSBJSTEwMC4GA1UECxMnRGl2aXNpb24gZGUgY2VydGlmaWNhY2lvbiBlbnRpZGFkIGZpbmFsMRMwEQYDVQQKEwpBbmRlcyBTQ0QuMRQwEgYDVQQHEwtCb2dvdGEgRC5DLjELMAkGA1UEBhMCQ08wHhcNMTYwOTI0MTczNTAzWhcNMTkwOTI0MTczNTAzWjCCAUExHTAbBgNVBAkTFENhbGxlIEZhbHNhIE5vIDEyIDM0MT4wPAYJKoZIhvcNAQkBFi9wZXJzb25hX2p1cmlkaWNhX3BydWViYXNAZW1wcmVzYXBhcmFwcnVlYmFzLmNvbTEbMBkGA1UEAxMSVXN1YXJpbyBkZSBQcnVlYmFzMREwDwYDVQQFEwgxMTExMTExMTEZMBcGA1UEDBMQUGVyc29uYSBKdXJpZGljYTFgMF4GA1UECxNXQ2VydGlmaWNhZG8gZGUgUGVyc29uYSBKdXJpZGljYSBlbWl0aWRvIHBvciBBbmRlcyBTQ0QgQXYuIENhcnJlcmEgNDUgTm8gMTAzIC0gMzQgT0YgMjA1MQ8wDQYDVQQHEwZCb2dvdGExFTATBgNVBAgTDEN1bmRpbmFtYXJjYTELMAkGA1UEBhMCQ08wggEiMA0GCSqGSIb3DQEBAQUAA4IBDwAwggEKAoIBAQCe+qPn79yQ45r2uSSDMn4scNGzCdwmOgLpDV8NqI96x5B38lnYa9w7w7eVX5DZvhRm3DQHukXHbYc9eghVtakZ4MKjsVIDc775BbGwP6BVe4KTUXr6qF/wAEuGR3MEe21qzuEaoFmEzZXDWH9o9XQFq6nHo1OYLUQrQ7jHKyzNq0pHPkq5p8cbw5iXcG3CRnAr7DIeJzjLC9vHoA5InF5+lTI6cD1jkXJ7aPrxK4hKmctZjI/LnMa7q8IruxnBeci64xu5X1KVOIiFx4EAqwZo+2aQJQQHOzbPmJj8EtmuZ+/4ukGLYqgEo49f63kTOjwVGSQcB4ei+iXZCruaJV8jAgMBAAGjggMlMIIDITA3BggrBgEFBQcBAQQrMCkwJwYIKwYBBQUHMAGGG2h0dHA6Ly9vY3NwLmFuZGVzc2NkLmNvbS5jbzAdBgNVHQ4EFgQUbp89+LkPGuGx/opVG6EamsmLnxcwDAYDVR0TAQH/BAIwADAfBgNVHSMEGDAWgBSoS7T0C6e2W9SgKIUQnQQTM8Sn9zCCAeMGA1UdIASCAdowggHWMIIB0gYNKwYBBAGB9EgBAgkCAjCCAb8wggF4BggrBgEFBQcCAjCCAWoeggFmAEwAYQAgAHUAdABpAGwAaQB6AGEAYwBpAPMAbgAgAGQAZQAgAGUAcwB0AGUAIABjAGUAcgB0AGkAZgBpAGMAYQBkAG8AIABlAHMAdADhACAAcwB1AGoAZQB0AGEAIABhACAAbABhAHMAIABQAG8AbADtAHQAaQBjAGEAcwAgAGQAZQAgAEMAZQByAHQAaQBmAGkAYwBhAGQAbwAgAGQAZQAgAFAAZQByAHMAbwBuAGEAIABKAHUAcgDtAGQAaQBjAGEAIAAoAFAAQwApACAAeQAgAEQAZQBjAGwAYQByAGEAYwBpAPMAbgAgAGQAZQAgAFAAcgDhAGMAdABpAGMAYQBzACAAZABlACAAQwBlAHIAdABpAGYAaQBjAGEAYwBpAPMAbgAgACgARABQAEMAKQAgAGUAcwB0AGEAYgBsAGUAYwBpAGQAYQBzACAAcABvAHIAIABBAG4AZABlAHMAIABTAEMARDBBBggrBgEFBQcCARY1aHR0cDovL3d3dy5hbmRlc3NjZC5jb20uY28vZG9jcy9EUENfQW5kZXNTQ0RfVjIuMi5wZGYwRgYDVR0fBD8wPTA7oDmgN4Y1aHR0cDovL3d3dy5hbmRlc3NjZC5jb20uY28vaW5jbHVkZXMvZ2V0Q2VydC5waHA/Y3JsPTEwDgYDVR0PAQH/BAQDAgXgMB0GA1UdJQQWMBQGCCsGAQUFBwMCBggrBgEFBQcDBDA6BgNVHREEMzAxgS9wZXJzb25hX2p1cmlkaWNhX3BydWViYXNAZW1wcmVzYXBhcmFwcnVlYmFzLmNvbTANBgkqhkiG9w0BAQsFAAOCAgEAkjyFBKltp8DLk35/n8mvBPNxciuUUHj/EzEnzOoYaWAcFLOSGA71Z7VwrldyVImQnsREWpbsMblIY5NI7OLztzMSCMpWeXR/g8H5HcQu6CUroQqRPiOOfEgyCAFVPHGKHY7e8zzoNzqeSZ3fxGPF6sXhN0BxpEmqlB/+HM4SdQchqyRqqEMX86FlnxS2J4trgLvrQeSFEzb/PJNI578hr31LeFn93GPEYPhK7cxZeDFgNTgfBm2gSwaYrjE8JV9aG29G+XZuviXfRQifNcwRCPZF2Tj4MWUqsX9apdxlodBJjnqTnwK5c4UBzYuNBJcrNVdwLdAvuGgWotrxGLfaoJYXunms2bCx3oqw0/kEiNgM+E6sualeojUztiWG/dz/nBsFD2jxRfoah/V8jnGLG0hJhhvadd3iRZ/CliBFazk1HrSUISUvblGkVvZx3ChTM3qZCIa/cK2tpeLTRkmoeTR22DfXj44uNc/9RS1BQyv4TI/m/3miHRO3AEFwXgwsnIkRrZYiZQd6qezQfqLQGw8cod6/gxkENi86lOlPkOuB4MoFdQI5HUZQbsVQIY33rHpbFiyIquWZUNLYryfSGD2cLc2WdW8hxwU/keTwrDW40YO/3zbwYfOqpWvYJw535X7Hcw/lBo49ZJxwy+TvzazO4eA7QrfqF5fVQzL/v24=</wsse:BinarySecurityToken>
      <ds:Signature xmlns:ds="http://www.w3.org/2000/09/xmldsig#" Id="SIG-A6E048B0EA1EEA256E155845316230511">
        <ds:SignedInfo>
          <ds:CanonicalizationMethod Algorithm="http://www.w3.org/2001/10/xml-exc-c14n#">
            <ec:InclusiveNamespaces xmlns:ec="http://www.w3.org/2001/10/xml-exc-c14n#" PrefixList="wsa soap wcf"/>
          </ds:CanonicalizationMethod>
          <ds:SignatureMethod Algorithm="http://www.w3.org/2001/04/xmldsig-more#rsa-sha512"/>
          <ds:Reference URI="#id-A6E048B0EA1EEA256E155845316230310">
            <ds:Transforms>
              <ds:Transform Algorithm="http://www.w3.org/2001/10/xml-exc-c14n#">
                <ec:InclusiveNamespaces xmlns:ec="http://www.w3.org/2001/10/xml-exc-c14n#" PrefixList="soap wcf"/>
              </ds:Transform>
            </ds:Transforms>
            <ds:DigestMethod Algorithm="http://www.w3.org/2001/04/xmlenc#sha512"/>
            <ds:DigestValue>DhfA6l2Pp6KuwxVP3180ULydoCC6HOUCPfj+a61/MrykR4z6hFyP+UU21x46B38BuQNO7VHSFOZJmnuoB7yYHA==</ds:DigestValue>
          </ds:Reference>
        </ds:SignedInfo>
        <ds:SignatureValue>ihVIcQsfhSLw55+GFAxYIGFZJUBsV0mbxjW5fN1a1VpiwaaHXFWzw10LcbCOVGKpOmALdQa4I/3hc/PIbMhXySIuQss10vHWLEahgQNksPyAKJ532DH+Qd1Ih4DF/I2CLyYEYlSIGmdD6WMblVtLrLjB[\n]PbdUEUbDGmyKGWoXps19qixq0WVoUfGARj/+6O/xF1IwbYFy9oI5Y+iH2tF3S90WykZ3QNPZrsCtHJIc3aT5QIfUvJUt7KU2qC6QJudoqGH58pQvWFXktpa9nRq4BucMDo9KMxyIhO1M7Xt6b8NP/gXtnv7o4CYCgafvC7P4CBPHpR44UsnoSQyBpQwWUA==</ds:SignatureValue>
        <ds:KeyInfo Id="KI-A6E048B0EA1EEA256E15584531623038">
          <wsse:SecurityTokenReference wsu:Id="STR-A6E048B0EA1EEA256E15584531623039">
            <wsse:Reference URI="#X509-A6E048B0EA1EEA256E15584531623037" ValueType="http://docs.oasis-open.org/wss/2004/01/oasis-200401-wss-x509-token-profile-1.0#X509v3"/>
          </wsse:SecurityTokenReference>
        </ds:KeyInfo>
      </ds:Signature>
    </wsse:Security>
    <wsa:Action>http://wcf.dian.colombia/IWcfDianCustomerServices/GetStatus</wsa:Action>
    <wsa:To xmlns:wsu="http://docs.oasis-open.org/wss/2004/01/oasis-200401-wss-wssecurity-utility-1.0.xsd" wsu:Id="id-A6E048B0EA1EEA256E155845316230310">https://vpfe-hab.dian.gov.co/WcfDianCustomerServices.svc</wsa:To>
  </soap:Header>
  <soap:Body>
    <wcf:GetStatus>
      <wcf:trackId>8763f78ccd241063615affd49580564df2986c07</wcf:trackId>
    </wcf:GetStatus>
  </soap:Body>
</soap:Envelope>
